https://github.com/CoolOppo/Unity-Networking-FPS
https://github.com/qnub/onboard-emoji.git
https://github.com/jstedfast/MailKit.git
https://github.com/jstedfast/MimeKit.git
https://github.com/Ashryver/fabiano-swagger-of-doom.git
https://github.com/Astyric/Phoenix-Realms.git
https://github.com/Backpackek/27.7.X2-Client.git
https://github.com/Backpackek/Backpackek.github.io.git
https://github.com/Backpackek/Base-fsod-as2-project.git
https://github.com/Backpackek/NR-27.7.X13.git
https://github.com/Backpackek/NR-CORE.git
https://github.com/Backpackek/OwlRealmsCleanup.git
https://github.com/Backpackek/Phoenix-Realms.git
https://github.com/Backpackek/Seraphs-Dominion-Client-Public.git
https://github.com/Backpackek/Seraphs-Dominion-Public.git
https://github.com/Backpackek/UnholyRealms-Oldschool-Source-v2.git
https://github.com/Backpackek/fsod-server.git
https://github.com/Bledixon/Project-B-Public.git
https://github.com/Bledixon/bledixon.github.io.git
https://github.com/BrandonPNG/PROD-.DBs.git
https://github.com/BrandonPNG/ProdBehavior.git
https://github.com/BrandonPNG/Random-CodeT.git
https://github.com/BrandonPNG/Webassets.git
https://github.com/BrandonPNG/Yea.git
https://github.com/C453/Behaviors.git
https://github.com/C453/OryxHatesC.git
https://github.com/C453/OryxKingdom.git
https://github.com/C453/RotMG-Multi-Tool.git
https://github.com/C453/go-realmeye.git
https://github.com/C453/jOryx.git
https://github.com/C453/librotmg.git
https://github.com/C453/rotmg_web_server.git
https://github.com/Club559/Mining.git
https://github.com/Club559/ROTMGServer.git
https://github.com/Club559/RotMGNPCs.git
https://github.com/Club559/Seraphs-Dominion-Client-Public.git
https://github.com/Club559/Seraphs-Dominion-Public.git
https://github.com/Club559/Travs-Domain-Client.git
https://github.com/Club559/Travs-Domain-Server.git
https://github.com/Demon09090123/Arc-Realms.git
https://github.com/Demon09090123/Phoenix-Reborn-source-AS3-.git
https://github.com/Demon09090123/RotMG-RPG.git
https://github.com/Devwarlt/Development-stuffs.git
https://github.com/Devwarlt/ElderRealms.git
https://github.com/Devwarlt/LOE-V6-SERVER.git
https://github.com/Devwarlt/LR-v1.git
https://github.com/Devwarlt/LR-v2.git
https://github.com/Devwarlt/LROldschool-Log.git
https://github.com/Devwarlt/LoE-Items-and-Behaviors.git
https://github.com/Devwarlt/NR-27.7.X13.git
https://github.com/Devwarlt/NR-CORE.git
https://github.com/Devwarlt/Prodlikecodes.git
https://github.com/Devwarlt/Production-Source.git
https://github.com/Devwarlt/Production-To-FSoD.git
https://github.com/Devwarlt/Public-ARS.git
https://github.com/Devwarlt/Realm-Updates.git
https://github.com/Devwarlt/Regnum-Old-Src.git
https://github.com/Devwarlt/RotMG-Library.git
https://github.com/Devwarlt/RotMG-Server-Latency.git
https://github.com/Devwarlt/RotMG_Lib.git
https://github.com/Devwarlt/devwarlt.github.io.git
https://github.com/Devwarlt/fsod_redis.git
https://github.com/Devwarlt/old-website-repo.git
https://github.com/Devwarlt/realm_d.git
https://github.com/DrFade/ElderRealms.git
https://github.com/DrFade/LoE-New-Event-s.git
https://github.com/DrFade/LoEElderbosses.git
https://github.com/DrFade/LoETestcode.git
https://github.com/DrFade/Prodlikecodes.git
https://github.com/FinnishFX/finnishfx.github.io.git
https://github.com/GhostMaree/Ghoul-Reborn.git
https://github.com/GhostMaree/PyRealm.git
https://github.com/GhostMaree/RedisServer.git
https://github.com/GhostMaree/RotMG_Lib.git
https://github.com/GhostMaree/Rotux.git
https://github.com/GhostMaree/Zombiano-Swagger-of-Doom.git
https://github.com/GhostMaree/creepylava_rotmg_svr.git
https://github.com/GhostMaree/fsod_redis.git
https://github.com/GhostMaree/ghostmaree.github.io.git
https://github.com/GhostMaree/swagamertlkg.git
https://github.com/InfernapeRotMG/Blaze-Dynasty-Source.git
https://github.com/InfernapeRotMG/BlazeDynasty.git
https://github.com/InfernapeRotMG/Daedeloth-Leaked.git
https://github.com/InfernapeRotMG/Discovered-Realms-Source.git
https://github.com/InfernapeRotMG/Discovered-Realms.git
https://github.com/InfernapeRotMG/Elevation-Realms-Source.git
https://github.com/InfernapeRotMG/GhostMaree-Core.git
https://github.com/InfernapeRotMG/Ghoul-Reborn.git
https://github.com/InfernapeRotMG/Ghoul-Swagger-Of-Doom-Master.git
https://github.com/InfernapeRotMG/GhoulRebornClient.git
https://github.com/InfernapeRotMG/ManKind-Realms.git
https://github.com/InfernapeRotMG/NR-CORE.git
https://github.com/InfernapeRotMG/Tidan-Realms-Source.git
https://github.com/InfernapeRotMG/VoTR-Leaked.git
https://github.com/InfernapeRotMG/blazedynasty.github.io.git
https://github.com/Kierze/Kierze.github.io.git
https://github.com/Kierze/Phoenix-Reborn-source-AS3-.git
https://github.com/Knightreborn/RotMG_Client_27.7.X2.git
https://github.com/Knightreborn/Swf.git
https://github.com/Knightreborn/music.git
https://github.com/LoESoft-Games/COSD.git
https://github.com/LoESoft-Games/LOE-V4-CLIENT.git
https://github.com/LoESoft-Games/LOE-V4-SERVER.git
https://github.com/LoESoft-Games/LOE-V6-GAME.git
https://github.com/LoESoft-Games/LOE-V6-SERVER.git
https://github.com/LoESoft-Games/LOE-V6.git
https://github.com/LoESoft-Games/LOE-V7.git
https://github.com/LoESoft-Games/loesoft-games.github.io.git
https://github.com/MasonRotMG/MasonRotMG.github.io.git
https://github.com/RiiggedMPGH/Owl-Realms-Source.git
https://github.com/RiiggedMPGH/RiiggedMPGH.github.io.git
https://github.com/RiiggedMPGH/RoTMG-Status-Checker.git
https://github.com/Sachariase/Forsaken-City-of-Atlantis.git
https://github.com/Scellow/realm_d.git
https://github.com/SirAnuse/BehaviorDb.git
https://github.com/SirAnuse/fabiano-swagger-of-doom.git
https://github.com/SirAnuse/siranuse.github.io.git
https://github.com/SwagamerTLKG/Broken_Realms.git
https://github.com/UniverseRealms/LOE-V6-SERVER.git
https://github.com/UniverseRealms/UniverseRealms.github.io.git
https://github.com/Versified/Projectile-Maker.git
https://github.com/Versified/RoTMG-Status-Checker.git
https://github.com/Versified/RotMG-Multi-Tool.git
https://github.com/Versified/Rotmg-Enemy-Creator.git
https://github.com/ViciousFate/RotMG-Deadly-Swamp-Dungeon.git
https://github.com/ViciousFate/Texture-Grabber.git
https://github.com/ViciousFate/rotmg-redis.git
https://github.com/Zeroeh/PrivateServer.git
https://github.com/Zeroeh/RotMG-Appspot.git
https://github.com/Zeroeh/zeroeh.github.io.git
https://github.com/Zylixel/Zylixel.github.io.git
https://github.com/bombpersons/RealmOfTheLaglessGod.git
https://github.com/cp-nilly/NR-27.7.X13.git
https://github.com/cp-nilly/NR-CORE.git
https://github.com/cp-nilly/RotMG-Dungeon-Generator.git
https://github.com/cp-nilly/nillys-realm-phoenix.git
https://github.com/creepylava/RotMG-Dungeon-Generator.git
https://github.com/creepylava/RotmgTool.git
https://github.com/kaos00723/RotMG_Client_27.7.X2.git
https://github.com/mrexodia/fabiano-swagger-of-doom.git
https://github.com/mrexodia/rotmg_update.git
https://github.com/mrexodia/rotmgclientcompare.git
https://github.com/mulekabam239/AS3-Clubs_Organized.git
https://github.com/mulekabam239/Ahhh.git
https://github.com/mulekabam239/Skilly-Realmsv2.git
https://github.com/nightpool/jOryx.git
https://github.com/ossimc82/RotMG-Proxy-Alpha-.git
https://github.com/ossimc82/RotMG-Server.git
https://github.com/ossimc82/RotmgTool.git
https://github.com/ossimc82/fabiano-swagger-of-doom.git
https://github.com/sebastianfra12/sebastianfra12.github.io.git
https://github.com/slick1015/rotmg-client.git
https://github.com/swagamer/swagamertlkg.git
https://github.com/theforgottenrealms/theforgottenrealms.github.io.git
https://github.com/trapped/go-realmeye.git
https://github.com/trapped/jOryx.git
https://github.com/trapped/librotmg.git
https://github.com/trapped/rotmg_svr.git
https://github.com/Eignar17/backup-plugins.git
https://github.com/Eignar17/ccsm.git
https://github.com/Eignar17/compiz-fusion-icons.git
https://github.com/Eignar17/compiz-maze.git
https://github.com/Eignar17/compiz-monowall.git
https://github.com/Eignar17/compiz-plugin-stereo3d.git
https://github.com/Eignar17/compiz-plugins-community.git
https://github.com/Eignar17/compiz-plugins-experimental.git
https://github.com/Eignar17/compiz-plugins-main.git
https://github.com/Eignar17/compiz-rubik.git
https://github.com/coz/compiz-cube-models.git
https://github.com/smspillaz/compiz-fusion-icons.git
git://github.com/mono/mono.git
git://anongit.freedesktop.org/mesa/mesa
git://github.com/mono/mono-basic.git
https://github.com/KDE/breeze-icons.git
https://anongit.gentoo.org/git/dev/ulm.git
https://anongit.gentoo.org/git/proj/dotnet.git
https://anongit.gentoo.org/git/user/andy.git
https://anongit.gentoo.org/git/user/mv.git
https://github.com/Fat-Zer/trinity.git
https://github.com/Sabayon/for-gentoo.git
https://github.com/freundlich/freundlich-gentoo.git
https://github.com/gentoo-haskell/gentoo-haskell.git
https://github.com/gentoo-mirror/R_Overlay.git
https://github.com/gerddie/gentoo-imaging.git
https://github.com/herrnst/gentoo-kodi-overlay.git
https://github.com/jokleinn/netcrave.git
https://github.com/jorgicio/jorgicio-gentoo.git
https://github.com/jscinoz/jscinoz-overlay.git
https://github.com/kajzersoze/compiz-reloaded-overlay.git
https://github.com/l29ah/booboo.git
https://github.com/laurentb/gentoo-overlay.git
https://github.com/msva/mva-overlay.git
https://github.com/pimvullers/elementary.git
https://github.com/sirjaren/gentoo-overlay.git
https://github.com/sitsang/trinity.git
https://github.com/solaris-ventus/netcrave-overlay.git
https://github.com/stefan-langenmaier/brother-overlay.git
https://github.com/stintel/gentoo-overlay.git
https://github.com/suhr/muscraft.git
https://github.com/tokiclover/bar-overlay.git
https://github.com/waebbl/waebbl-gentoo.git
https://gitlab.com/PureTryOut/matrix-overlay.git
https://gitlab.com/proaudio/proaudio.git
git://anongit.freedesktop.org/mesa/mesa
git://anongit.gentoo.org/proj/dotnet.git
git://github.com/mono/mono-basic.git
git://github.com/mono/mono.git
git://github.com/stefan-langenmaier/brother-overlay.git
https://github.com/ethus3h/app-configs.git
https://github.com/ethus3h/arcmaj3-client.git
https://github.com/ethus3h/arcmaj3.git
https://github.com/ethus3h/compiz-reloaded-overlay.git
https://github.com/ethus3h/crystal-metadata.git
https://github.com/ethus3h/ember-old-moved-2016apr24a25.git
https://github.com/ethus3h/ember-repositories.git
https://github.com/ethus3h/ember-retired-repositories-old-renamed-2017feb07.git
https://github.com/ethus3h/ember-web-site-wordpress.git
https://github.com/ethus3h/futuramerlin-record-label.git
https://github.com/ethus3h/internetarchive.git
https://github.com/ethus3h/MailKit-meta.git
https://github.com/ethus3h/node-spotify-downloader-.git
https://github.com/ethus3h/node-spotify-web-.git
https://github.com/ethus3h/rubberfs.git
https://github.com/ethus3h/wreathe-kernel.git
https://github.com/ethus3h/wreathe-old-renamed-2017feb07.git
https://github.com/ethus3h/wreathe-overlay.git
https://github.com/gentoo-haskell/gentoo-haskell.git
https://github.com/gentoo-mirror/R_Overlay.git
https://github.com/gerddie/gentoo-imaging.git
https://github.com/jstedfast/bc-csharp.git
https://github.com/jstedfast/MailKit.git
https://github.com/jstedfast/MimeKit.git
https://github.com/jstedfast/Portable.Text.Encoding.git
https://github.com/KDE/breeze-icons.git
https://github.com/qnub/onboard-emoji.git
https://github.com/stintel/gentoo-overlay.git
https://github.com/stefan-langenmaier/brother-overlay.git
https://github.com/ethus3h/compiz-reloaded-overlay.git
https://anongit.gentoo.org/git/proj/dotnet.git
https://github.com/gerddie/gentoo-imaging.git
https://gitlab.com/PureTryOut/matrix-overlay.git
https://github.com/gentoo-mirror/R_Overlay.git
https://github.com/sirjaren/gentoo-overlay.git
https://github.com/stintel/gentoo-overlay.git
https://github.com/ethus3h/wreathe-overlay.git
https://github.com/remko/waforth.git
https://github.com/wjakob/openexr.git
https://github.com/mitsuba-renderer/zlib.git
https://github.com/wdas/ptex.git
https://github.com/google/glog.git
https://github.com/mmp/pbrt-v3.git
https://github.com/animate1978/MB-Lab.git
https://github.com/sarbander/sicp.git
https://github.com/sarabander/sicp-epub.git
https://github.com/kanzure/freedce.git
https://github.com/github/archive-program.git
https://github.com/przmoc/metastore.git
https://github.com/luc-lynx/belt-algorithms.git
https://github.com/sjinks/kupyna-c.git
https://github.com/larsks/gitdriver.git
https://github.com/eklitzke/c.sh.git
https://github.com/sjaehn/BJumblr.git
https://github.com/lrq3000/pyFileFixity.git
https://github.com/SIsilicon/Godot-God-Rays-Plugin.git
https://github.com/Lexpartizan/Godot_sky_shader.git
https://github.com/Zylann/unity_to_godot_converter.git
https://github.com/Zylann/godot_terrain_plugin.git
